exports[`test should render 0 1`] = `
<span>
  Value: 
  0
  <button
    className="decrement"
    onClick={[Function]}>
    âˆ’
  </button>
  <button
    className="increment"
    onClick={[Function]}>
    +
  </button>
</span>
`;
